Game started...
INFO: Game started...
INFO: try to create room 1ST
INFO: try to create room 2nd
INFO: [Lua] test de success
INFO: Create game object 1st
INFO: try adding go in room
INFO: Create game object 2nd
INFO: Sprite bien chargé
INFO: Set room step 1st
INFO: Set room step
INFO: Set room step end
INFO: debut gameloop function:
INFO: debut while:
INFO: [Lua] Test room step
INFO: Info test step game object
INFO: room draw: test
INFO: After game object draw:
INFO: [Lua] Test room step
INFO: Info test step game object
INFO: room draw: test
INFO: After game object draw:
INFO: [Lua] Test room step
INFO: Info test step game object
INFO: room draw: test
INFO: After game object draw:
INFO: [Lua] Test room step
INFO: Info test step game object
INFO: room draw: test
INFO: After game object draw:
INFO: [Lua] Test room step
INFO: Info test step game object
INFO: room draw: test
INFO: After game object draw:
INFO: [Lua] Test room step
INFO: Info test step game object
INFO: room draw: test
INFO: After game object draw:
INFO: [Lua] Test room step
INFO: Info test step game object
INFO: room draw: test
INFO: After game object draw:
INFO: [Lua] Test room step
INFO: Info test step game object
INFO: room draw: test
INFO: After game object draw:
INFO: [Lua] Test room step
INFO: Info test step game object
INFO: room draw: test
INFO: After game object draw:
INFO: [Lua] Test room step
INFO: Info test step game object
INFO: room draw: test
INFO: After game object draw:
INFO: [Lua] Test room step
INFO: Info test step game object
INFO: room draw: test
INFO: After game object draw:
INFO: [Lua] Test room step
INFO: Info test step game object
INFO: room draw: test
INFO: After game object draw:
INFO: [Lua] Test room step
INFO: Info test step game object
INFO: room draw: test
INFO: After game object draw:
INFO: [Lua] Test room step
INFO: Info test step game object
INFO: room draw: test
INFO: After game object draw:
INFO: [Lua] Test room step
INFO: Info test step game object
INFO: room draw: test
INFO: After game object draw:
INFO: [Lua] Test room step
INFO: Info test step game object
INFO: room draw: test
INFO: After game object draw:
INFO: [Lua] Test room step
INFO: Info test step game object
INFO: room draw: test
INFO: After game object draw:
INFO: [Lua] Test room step
INFO: Info test step game object
INFO: room draw: test
INFO: After game object draw:
INFO: [Lua] Test room step
INFO: Info test step game object
INFO: room draw: test
INFO: After game object draw:
INFO: [Lua] Test room step
INFO: Info test step game object
INFO: room draw: test
INFO: After game object draw:
INFO: [Lua] Test room step
INFO: Info test step game object
INFO: room draw: test
INFO: After game object draw:
INFO: [Lua] Test room step
INFO: Info test step game object
INFO: room draw: test
INFO: After game object draw:
INFO: [Lua] Test room step
INFO: Info test step game object
INFO: room draw: test
INFO: After game object draw:
INFO: [Lua] Test room step
INFO: Info test step game object
INFO: room draw: test
INFO: After game object draw:
INFO: [Lua] Test room step
INFO: Info test step game object
INFO: room draw: test
INFO: After game object draw:
INFO: [Lua] Test room step
INFO: Info test step game object
INFO: room draw: test
INFO: After game object draw:
INFO: [Lua] Test room step
INFO: Info test step game object
INFO: room draw: test
INFO: After game object draw:
INFO: [Lua] Test room step
INFO: Info test step game object
INFO: room draw: test
INFO: After game object draw:
INFO: [Lua] Test room step
INFO: Info test step game object
INFO: room draw: test
INFO: After game object draw:
INFO: [Lua] Test room step
INFO: Info test step game object
INFO: room draw: test
INFO: After game object draw:
INFO: [Lua] Test room step
INFO: Info test step game object
INFO: room draw: test
INFO: After game object draw:
INFO: [Lua] Test room step
INFO: Info test step game object
INFO: room draw: test
INFO: After game object draw:
INFO: [Lua] Test room step
INFO: Info test step game object
INFO: room draw: test
INFO: After game object draw:
INFO: [Lua] Test room step
INFO: Info test step game object
INFO: room draw: test
INFO: After game object draw:
INFO: [Lua] Test room step
INFO: Info test step game object
INFO: room draw: test
INFO: After game object draw:
INFO: [Lua] Test room step
INFO: Info test step game object
INFO: room draw: test
INFO: After game object draw:
INFO: [Lua] Test room step
INFO: Info test step game object
INFO: room draw: test
INFO: After game object draw:
INFO: [Lua] Test room step
INFO: Info test step game object
INFO: room draw: test
INFO: After game object draw:
INFO: [Lua] Test room step
INFO: Info test step game object
INFO: room draw: test
INFO: After game object draw:
INFO: [Lua] Test room step
INFO: Info test step game object
INFO: room draw: test
INFO: After game object draw:
INFO: [Lua] Test room step
INFO: Info test step game object
INFO: room draw: test
INFO: After game object draw:
INFO: [Lua] Test room step
INFO: Info test step game object
INFO: room draw: test
INFO: After game object draw:
INFO: [Lua] Test room step
INFO: Info test step game object
INFO: room draw: test
INFO: After game object draw:
INFO: [Lua] Test room step
INFO: Info test step game object
INFO: room draw: test
INFO: After game object draw:
INFO: [Lua] Test room step
INFO: Info test step game object
INFO: room draw: test
INFO: After game object draw:
INFO: [Lua] Test room step
INFO: Info test step game object
INFO: room draw: test
INFO: After game object draw:
INFO: [Lua] Test room step
INFO: Info test step game object
INFO: room draw: test
INFO: After game object draw:
INFO: [Lua] Test room step
INFO: Info test step game object
INFO: room draw: test
INFO: After game object draw:
INFO: [Lua] Test room step
INFO: Info test step game object
INFO: room draw: test
INFO: After game object draw:
INFO: [Lua] Test room step
INFO: Info test step game object
INFO: room draw: test
INFO: After game object draw:
INFO: [Lua] Test room step
INFO: Info test step game object
INFO: room draw: test
INFO: After game object draw:
INFO: [Lua] Test room step
INFO: Info test step game object
INFO: room draw: test
INFO: After game object draw:
INFO: [Lua] Test room step
INFO: Info test step game object
INFO: room draw: test
INFO: After game object draw:
INFO: [Lua] Test room step
INFO: Info test step game object
INFO: room draw: test
INFO: After game object draw:
INFO: [Lua] Test room step
INFO: Info test step game object
INFO: room draw: test
INFO: After game object draw:
INFO: [Lua] Test room step
INFO: Info test step game object
INFO: room draw: test
INFO: After game object draw:
INFO: [Lua] Test room step
INFO: Info test step game object
INFO: room draw: test
INFO: After game object draw:
INFO: [Lua] Test room step
INFO: Info test step game object
INFO: room draw: test
INFO: After game object draw:
INFO: [Lua] Test room step
INFO: Info test step game object
INFO: room draw: test
INFO: After game object draw:
INFO: [Lua] Test room step
INFO: Info test step game object
INFO: room draw: test
INFO: After game object draw:
INFO: [Lua] Test room step
INFO: Info test step game object
INFO: room draw: test
INFO: After game object draw:
INFO: [Lua] Test room step
INFO: Info test step game object
INFO: room draw: test
INFO: After game object draw:
INFO: [Lua] Test room step
INFO: Info test step game object
INFO: room draw: test
INFO: After game object draw:
INFO: [Lua] Test room step
INFO: Info test step game object
INFO: room draw: test
INFO: After game object draw:
INFO: [Lua] Test room step
INFO: Info test step game object
INFO: room draw: test
INFO: After game object draw:
INFO: test
INFO: [Lua] Test room step
INFO: Info test step game object
INFO: room draw: test
INFO: After game object draw:
INFO: End removing menus
INFO: try to remove ID: 0
INFO: try to remove ID: 0
INFO: after free: 0
INFO: after free1: 0
INFO: after free2: 0
INFO: after free: 0
INFO: after free1: 0
INFO: after free2: 0
